final_regressor = cats.model.json
Enabling FTRL based optimization
Algorithm used: Coin Betting
ftrl_alpha = 4
ftrl_beta = 1
Num weight bits = 18
learning rate = 0.5
initial_t = 0
power_t = 0.5
using no cache
Reading datafile = train-sets/cats.json
num sources = 1
average  since         example        example  current  current  current
loss     last          counter         weight    label  predict features
0.657567 0.657567            1            1.0 {185.121,0.657567,6.20426e-05} 185.121,6.20426e-05       10
0.557942 0.458316            2            2.0 {772.592,0.458316,6.20426e-05} 8620.53,6.20426e-05       10
0.363443 0.168945            4            4.0 {14122,0.0199798,6.20426e-05} 19247.6,6.20426e-05       10
0.299771 0.236098            8            8.0 {12715.1,0.168545,6.20426e-05} 23011.3,6.20426e-05       10
0.307594 0.315418           16           16.0 {669.119,0.475519,6.20426e-05} 21701.1,6.20426e-05       10
0.290863 0.274131           32           32.0 {10786.7,0.0437032,6.20426e-05} 15856.5,6.20426e-05       10

finished run
number of examples = 57
weighted example sum = 57.000000
weighted label sum = 57.000000
average loss = 0.267669
total feature number = 570
Learn() count per node: id=0, #l=23; id=1, #l=0; id=2, #l=0; 
