Num weight bits = 13
learning rate = 1
initial_t = 0
power_t = 0.5
using no cache
Reading datafile = train-sets/wiki256_no_label.fb
num sources = 1
average  since         example        example  current  current  current
loss     last          counter         weight    label  predict features
10.148759 10.148759            1            1.0     none        0      732
10.226528 10.304296            2            2.0     none        0       27
10.227062 10.227597            4            4.0     none        0       53
10.307677 10.388291            8            8.0     none        0       60
10.331666 10.355656           16           16.0     none        0       26
10.458058 10.584449           32           32.0     none        0      125
10.474541 10.491025           64           64.0     none        0      313
10.403608 10.332674          128          128.0     none        0       50
9.956975 9.510343          256          256.0     none        0       33

finished run
number of examples = 256
weighted example sum = 256.000000
weighted label sum = 0.000000
average loss = 9.956975
total feature number = 22158
